// Vitest Snapshot v1, https://vitest.dev/guide/snapshot.html

exports[`BillingMeterProgressComponent > matches the overage snapshot 1`] = `
"<div data-v-f7f25334="" class="billing-meter-progress" aria-label="120 of 100 used, 20 over quota">
  <!-- Label row -->
  <!--v-if-->
  <!-- Overage ARIA signal (visually hidden, aria-live region for assistive tech) -->
  <div data-v-f7f25334="" class="billing-meter-progress__overage d-flex align-center mb-1" aria-live="assertive" aria-atomic="true"></div><!-- Bar variant -->
  <div data-v-f7f25334="" class="v-progress-linear v-progress-linear--rounded v-progress-linear--rounded v-theme--light v-locale--is-ltr" style="top: 0px; height: 10px; --v-progress-linear-height: 10px;" role="progressbar" aria-hidden="false" aria-valuemin="0" aria-valuemax="100" aria-valuenow="100">
    <!---->
    <div class="v-progress-linear__background bg-surface-variant" style="opacity: NaN;"></div>
    <div class="v-progress-linear__buffer bg-surface-variant" style="opacity: NaN; width: 0%;"></div>
    <transition-stub name="slide-x-transition" appear="false" persisted="false" css="true">
      <div class="v-progress-linear__determinate bg-error" style="width: 100%;"></div>
    </transition-stub>
    <!---->
  </div><!-- Summary text: % is primary, compute units in tooltip on overflow only -->
  <div data-v-f7f25334="" class="billing-meter-progress__summary text-caption text-medium-emphasis mt-1 d-flex align-center ga-1" aria-live="assertive">
    <!-- Primary value: always percentage --><span data-v-f7f25334="" class="font-weight-medium text-error">100% </span><!-- Compute detail tooltip — shown only when in overage (overflow state) --><i data-v-f7f25334="" class="fa-solid fa-circle-exclamation mdi v-icon notranslate v-theme--light v-icon--size-x-small text-error" style="cursor: help;" role="img" aria-hidden="true" tabindex="0" aria-describedby="v-tooltip-v-0" aria-label="120 of 100 used, 20 over quota"></i>
    <!--teleport start-->
    <!--teleport end-->
  </div>
</div>"
`;
